// Jest Snapshot v1, https://goo.gl/fbAQLP

exports[`Signup Form Should display renders correctly 1`] = `
<View
  style={
    Object {
      "backgroundColor": "#2c3e50",
      "flex": 1,
    }
  }
>
  <View
    style={
      Object {
        "alignItems": "center",
        "flexGrow": 1,
        "justifyContent": "center",
      }
    }
  >
    <TextInput
      allowFontScaling={true}
      onChangeText={[Function]}
      placeholder="Name"
      rejectResponderTermination={true}
      style={
        Object {
          "backgroundColor": "white",
          "borderRadius": 20,
          "color": "#2c3e50",
          "height": 50,
          "marginBottom": 20,
          "padding": 10,
          "width": "80%",
        }
      }
      testID="input-name"
      underlineColorAndroid="transparent"
      value=""
    />
    <TextInput
      allowFontScaling={true}
      onChangeText={[Function]}
      placeholder="Email Id"
      rejectResponderTermination={true}
      style={
        Object {
          "backgroundColor": "white",
          "borderRadius": 20,
          "color": "#2c3e50",
          "height": 50,
          "marginBottom": 20,
          "padding": 10,
          "width": "80%",
        }
      }
      testID="input-email"
      underlineColorAndroid="transparent"
      value=""
    />
    <TextInput
      allowFontScaling={true}
      keyboardType="numeric"
      maxLength={10}
      onChangeText={[Function]}
      placeholder="Mobile Number"
      rejectResponderTermination={true}
      style={
        Object {
          "backgroundColor": "white",
          "borderRadius": 20,
          "color": "#2c3e50",
          "height": 50,
          "marginBottom": 20,
          "padding": 10,
          "width": "80%",
        }
      }
      testID="input-mobile"
      underlineColorAndroid="transparent"
      value=""
    />
    <TextInput
      allowFontScaling={true}
      onChangeText={[Function]}
      placeholder="UserName"
      rejectResponderTermination={true}
      style={
        Object {
          "backgroundColor": "white",
          "borderRadius": 20,
          "color": "#2c3e50",
          "height": 50,
          "marginBottom": 20,
          "padding": 10,
          "width": "80%",
        }
      }
      testID="input-username"
      underlineColorAndroid="transparent"
      value=""
    />
    <TextInput
      allowFontScaling={true}
      onChangeText={[Function]}
      placeholder="Password"
      rejectResponderTermination={true}
      secureTextEntry={true}
      style={
        Object {
          "backgroundColor": "white",
          "borderRadius": 20,
          "color": "#2c3e50",
          "height": 50,
          "marginBottom": 20,
          "padding": 10,
          "width": "80%",
        }
      }
      testID="input-password"
      underlineColorAndroid="transparent"
      value=""
    />
    <TextInput
      allowFontScaling={true}
      onChangeText={[Function]}
      placeholder="Confirm Password"
      rejectResponderTermination={true}
      secureTextEntry={true}
      style={
        Object {
          "backgroundColor": "white",
          "borderRadius": 20,
          "color": "#2c3e50",
          "height": 50,
          "marginBottom": 20,
          "padding": 10,
          "width": "80%",
        }
      }
      testID="input-confirm-password"
      underlineColorAndroid="transparent"
      value=""
    />
    <View
      accessible={true}
      focusable={true}
      onClick={[Function]}
      onResponderGrant={[Function]}
      onResponderMove={[Function]}
      onResponderRelease={[Function]}
      onResponderTerminate={[Function]}
      onResponderTerminationRequest={[Function]}
      onStartShouldSetResponder={[Function]}
      style={
        Object {
          "backgroundColor": "#2980b6",
          "borderRadius": 20,
          "opacity": 1,
          "paddingVertical": 15,
          "width": "80%",
        }
      }
      testID="submit-button"
    >
      <Text
        style={
          Object {
            "color": "#fff",
            "fontWeight": "700",
            "textAlign": "center",
          }
        }
      >
        Register
      </Text>
    </View>
  </View>
</View>
`;
